<?xml version="1.0"?>
<link_info>
   <banner>MSP430 Linker PC v4.4.4</banner>
   <copyright>Copyright (c) 2003-2015 Texas Instruments Incorporated</copyright>
   <link_time>0x55ad313b</link_time>
   <link_errors>0x0</link_errors>
   <output_file>myUART_02.out</output_file>
   <entry_point>
      <name>_c_int00_noargs_noexit</name>
      <address>0x4538</address>
   </entry_point>
   <input_file_list>
      <input_file id="fl-2">
         <path>.\</path>
         <kind>object</kind>
         <file>main.obj</file>
         <name>main.obj</name>
      </input_file>
      <input_file id="fl-3">
         <path>.\</path>
         <kind>object</kind>
         <file>myClocks.obj</file>
         <name>myClocks.obj</name>
      </input_file>
      <input_file id="fl-4">
         <path>.\</path>
         <kind>object</kind>
         <file>myGpio.obj</file>
         <name>myGpio.obj</name>
      </input_file>
      <input_file id="fl-5">
         <path>.\</path>
         <kind>object</kind>
         <file>myLcd.obj</file>
         <name>myLcd.obj</name>
      </input_file>
      <input_file id="fl-6">
         <path>.\</path>
         <kind>object</kind>
         <file>myUart.obj</file>
         <name>myUart.obj</name>
      </input_file>
      <input_file id="fl-7">
         <path>.\</path>
         <kind>object</kind>
         <file>unused_interrupts.obj</file>
         <name>unused_interrupts.obj</name>
      </input_file>
      <input_file id="fl-8">
         <path>.\driverlib\MSP430FR5xx_6xx\</path>
         <kind>object</kind>
         <file>adc12_b.obj</file>
         <name>adc12_b.obj</name>
      </input_file>
      <input_file id="fl-9">
         <path>.\driverlib\MSP430FR5xx_6xx\</path>
         <kind>object</kind>
         <file>aes256.obj</file>
         <name>aes256.obj</name>
      </input_file>
      <input_file id="fl-a">
         <path>.\driverlib\MSP430FR5xx_6xx\</path>
         <kind>object</kind>
         <file>comp_e.obj</file>
         <name>comp_e.obj</name>
      </input_file>
      <input_file id="fl-b">
         <path>.\driverlib\MSP430FR5xx_6xx\</path>
         <kind>object</kind>
         <file>crc.obj</file>
         <name>crc.obj</name>
      </input_file>
      <input_file id="fl-c">
         <path>.\driverlib\MSP430FR5xx_6xx\</path>
         <kind>object</kind>
         <file>crc32.obj</file>
         <name>crc32.obj</name>
      </input_file>
      <input_file id="fl-d">
         <path>.\driverlib\MSP430FR5xx_6xx\</path>
         <kind>object</kind>
         <file>cs.obj</file>
         <name>cs.obj</name>
      </input_file>
      <input_file id="fl-e">
         <path>.\driverlib\MSP430FR5xx_6xx\</path>
         <kind>object</kind>
         <file>dma.obj</file>
         <name>dma.obj</name>
      </input_file>
      <input_file id="fl-f">
         <path>.\driverlib\MSP430FR5xx_6xx\</path>
         <kind>object</kind>
         <file>esi.obj</file>
         <name>esi.obj</name>
      </input_file>
      <input_file id="fl-10">
         <path>.\driverlib\MSP430FR5xx_6xx\</path>
         <kind>object</kind>
         <file>eusci_a_spi.obj</file>
         <name>eusci_a_spi.obj</name>
      </input_file>
      <input_file id="fl-11">
         <path>.\driverlib\MSP430FR5xx_6xx\</path>
         <kind>object</kind>
         <file>eusci_a_uart.obj</file>
         <name>eusci_a_uart.obj</name>
      </input_file>
      <input_file id="fl-12">
         <path>.\driverlib\MSP430FR5xx_6xx\</path>
         <kind>object</kind>
         <file>eusci_b_i2c.obj</file>
         <name>eusci_b_i2c.obj</name>
      </input_file>
      <input_file id="fl-13">
         <path>.\driverlib\MSP430FR5xx_6xx\</path>
         <kind>object</kind>
         <file>eusci_b_spi.obj</file>
         <name>eusci_b_spi.obj</name>
      </input_file>
      <input_file id="fl-14">
         <path>.\driverlib\MSP430FR5xx_6xx\</path>
         <kind>object</kind>
         <file>framctl.obj</file>
         <name>framctl.obj</name>
      </input_file>
      <input_file id="fl-15">
         <path>.\driverlib\MSP430FR5xx_6xx\</path>
         <kind>object</kind>
         <file>gpio.obj</file>
         <name>gpio.obj</name>
      </input_file>
      <input_file id="fl-16">
         <path>.\driverlib\MSP430FR5xx_6xx\</path>
         <kind>object</kind>
         <file>lcd_c.obj</file>
         <name>lcd_c.obj</name>
      </input_file>
      <input_file id="fl-17">
         <path>.\driverlib\MSP430FR5xx_6xx\</path>
         <kind>object</kind>
         <file>mpu.obj</file>
         <name>mpu.obj</name>
      </input_file>
      <input_file id="fl-18">
         <path>.\driverlib\MSP430FR5xx_6xx\</path>
         <kind>object</kind>
         <file>mpy32.obj</file>
         <name>mpy32.obj</name>
      </input_file>
      <input_file id="fl-19">
         <path>.\driverlib\MSP430FR5xx_6xx\</path>
         <kind>object</kind>
         <file>pmm.obj</file>
         <name>pmm.obj</name>
      </input_file>
      <input_file id="fl-1a">
         <path>.\driverlib\MSP430FR5xx_6xx\</path>
         <kind>object</kind>
         <file>ram.obj</file>
         <name>ram.obj</name>
      </input_file>
      <input_file id="fl-1b">
         <path>.\driverlib\MSP430FR5xx_6xx\</path>
         <kind>object</kind>
         <file>ref_a.obj</file>
         <name>ref_a.obj</name>
      </input_file>
      <input_file id="fl-1c">
         <path>.\driverlib\MSP430FR5xx_6xx\</path>
         <kind>object</kind>
         <file>rtc_b.obj</file>
         <name>rtc_b.obj</name>
      </input_file>
      <input_file id="fl-1d">
         <path>.\driverlib\MSP430FR5xx_6xx\</path>
         <kind>object</kind>
         <file>rtc_c.obj</file>
         <name>rtc_c.obj</name>
      </input_file>
      <input_file id="fl-1e">
         <path>.\driverlib\MSP430FR5xx_6xx\</path>
         <kind>object</kind>
         <file>sfr.obj</file>
         <name>sfr.obj</name>
      </input_file>
      <input_file id="fl-1f">
         <path>.\driverlib\MSP430FR5xx_6xx\</path>
         <kind>object</kind>
         <file>sysctl.obj</file>
         <name>sysctl.obj</name>
      </input_file>
      <input_file id="fl-20">
         <path>.\driverlib\MSP430FR5xx_6xx\</path>
         <kind>object</kind>
         <file>timer_a.obj</file>
         <name>timer_a.obj</name>
      </input_file>
      <input_file id="fl-21">
         <path>.\driverlib\MSP430FR5xx_6xx\</path>
         <kind>object</kind>
         <file>timer_b.obj</file>
         <name>timer_b.obj</name>
      </input_file>
      <input_file id="fl-22">
         <path>.\driverlib\MSP430FR5xx_6xx\</path>
         <kind>object</kind>
         <file>tlv.obj</file>
         <name>tlv.obj</name>
      </input_file>
      <input_file id="fl-23">
         <path>.\driverlib\MSP430FR5xx_6xx\</path>
         <kind>object</kind>
         <file>wdt_a.obj</file>
         <name>wdt_a.obj</name>
      </input_file>
      <input_file id="fl-58">
         <path>C:\ti\ccsv6\tools\compiler\ti-cgt-msp430_4.4.4\lib\</path>
         <kind>archive</kind>
         <file>rts430x_lc_rd_eabi.lib</file>
         <name>copy_decompress_none.obj</name>
      </input_file>
      <input_file id="fl-59">
         <path>C:\ti\ccsv6\tools\compiler\ti-cgt-msp430_4.4.4\lib\</path>
         <kind>archive</kind>
         <file>rts430x_lc_rd_eabi.lib</file>
         <name>copy_decompress_rle.obj</name>
      </input_file>
      <input_file id="fl-5a">
         <path>C:\ti\ccsv6\tools\compiler\ti-cgt-msp430_4.4.4\lib\</path>
         <kind>archive</kind>
         <file>rts430x_lc_rd_eabi.lib</file>
         <name>copy_zero_init.obj</name>
      </input_file>
      <input_file id="fl-5b">
         <path>C:\ti\ccsv6\tools\compiler\ti-cgt-msp430_4.4.4\lib\</path>
         <kind>archive</kind>
         <file>rts430x_lc_rd_eabi.lib</file>
         <name>div16s.obj</name>
      </input_file>
      <input_file id="fl-5c">
         <path>C:\ti\ccsv6\tools\compiler\ti-cgt-msp430_4.4.4\lib\</path>
         <kind>archive</kind>
         <file>rts430x_lc_rd_eabi.lib</file>
         <name>div32s.obj</name>
      </input_file>
      <input_file id="fl-5d">
         <path>C:\ti\ccsv6\tools\compiler\ti-cgt-msp430_4.4.4\lib\</path>
         <kind>archive</kind>
         <file>rts430x_lc_rd_eabi.lib</file>
         <name>div16u.obj</name>
      </input_file>
      <input_file id="fl-5e">
         <path>C:\ti\ccsv6\tools\compiler\ti-cgt-msp430_4.4.4\lib\</path>
         <kind>archive</kind>
         <file>rts430x_lc_rd_eabi.lib</file>
         <name>div32u.obj</name>
      </input_file>
      <input_file id="fl-5f">
         <path>C:\ti\ccsv6\tools\compiler\ti-cgt-msp430_4.4.4\lib\</path>
         <kind>archive</kind>
         <file>rts430x_lc_rd_eabi.lib</file>
         <name>mult16.obj</name>
      </input_file>
      <input_file id="fl-60">
         <path>C:\ti\ccsv6\tools\compiler\ti-cgt-msp430_4.4.4\lib\</path>
         <kind>archive</kind>
         <file>rts430x_lc_rd_eabi.lib</file>
         <name>mult16_f5hw.obj</name>
      </input_file>
      <input_file id="fl-61">
         <path>C:\ti\ccsv6\tools\compiler\ti-cgt-msp430_4.4.4\lib\</path>
         <kind>archive</kind>
         <file>rts430x_lc_rd_eabi.lib</file>
         <name>mult32_f5hw.obj</name>
      </input_file>
      <input_file id="fl-62">
         <path>C:\ti\ccsv6\tools\compiler\ti-cgt-msp430_4.4.4\lib\</path>
         <kind>archive</kind>
         <file>rts430x_lc_rd_eabi.lib</file>
         <name>mult64_f5hw.obj</name>
      </input_file>
      <input_file id="fl-63">
         <path>C:\ti\ccsv6\tools\compiler\ti-cgt-msp430_4.4.4\lib\</path>
         <kind>archive</kind>
         <file>rts430x_lc_rd_eabi.lib</file>
         <name>mult1632_f5hw.obj</name>
      </input_file>
      <input_file id="fl-64">
         <path>C:\ti\ccsv6\tools\compiler\ti-cgt-msp430_4.4.4\lib\</path>
         <kind>archive</kind>
         <file>rts430x_lc_rd_eabi.lib</file>
         <name>mult3264_f5hw.obj</name>
      </input_file>
      <input_file id="fl-65">
         <path>C:\ti\ccsv6\tools\compiler\ti-cgt-msp430_4.4.4\lib\</path>
         <kind>archive</kind>
         <file>rts430x_lc_rd_eabi.lib</file>
         <name>lsl16.obj</name>
      </input_file>
      <input_file id="fl-66">
         <path>C:\ti\ccsv6\tools\compiler\ti-cgt-msp430_4.4.4\lib\</path>
         <kind>archive</kind>
         <file>rts430x_lc_rd_eabi.lib</file>
         <name>asr16.obj</name>
      </input_file>
      <input_file id="fl-67">
         <path>C:\ti\ccsv6\tools\compiler\ti-cgt-msp430_4.4.4\lib\</path>
         <kind>archive</kind>
         <file>rts430x_lc_rd_eabi.lib</file>
         <name>lsr16.obj</name>
      </input_file>
      <input_file id="fl-68">
         <path>C:\ti\ccsv6\tools\compiler\ti-cgt-msp430_4.4.4\lib\</path>
         <kind>archive</kind>
         <file>rts430x_lc_rd_eabi.lib</file>
         <name>boot.obj</name>
      </input_file>
      <input_file id="fl-69">
         <path>C:\ti\ccsv6\tools\compiler\ti-cgt-msp430_4.4.4\lib\</path>
         <kind>archive</kind>
         <file>rts430x_lc_rd_eabi.lib</file>
         <name>args_main.obj</name>
      </input_file>
      <input_file id="fl-6a">
         <path>C:\ti\ccsv6\tools\compiler\ti-cgt-msp430_4.4.4\lib\</path>
         <kind>archive</kind>
         <file>rts430x_lc_rd_eabi.lib</file>
         <name>autoinit_wdt.obj</name>
      </input_file>
      <input_file id="fl-6b">
         <path>C:\ti\ccsv6\tools\compiler\ti-cgt-msp430_4.4.4\lib\</path>
         <kind>archive</kind>
         <file>rts430x_lc_rd_eabi.lib</file>
         <name>boot_special.obj</name>
      </input_file>
      <input_file id="fl-6c">
         <path>C:\ti\ccsv6\tools\compiler\ti-cgt-msp430_4.4.4\lib\</path>
         <kind>archive</kind>
         <file>rts430x_lc_rd_eabi.lib</file>
         <name>mpu_init.obj</name>
      </input_file>
      <input_file id="fl-6d">
         <path>C:\ti\ccsv6\tools\compiler\ti-cgt-msp430_4.4.4\lib\</path>
         <kind>archive</kind>
         <file>rts430x_lc_rd_eabi.lib</file>
         <name>pre_init.obj</name>
      </input_file>
      <input_file id="fl-6e">
         <path>C:\ti\ccsv6\tools\compiler\ti-cgt-msp430_4.4.4\lib\</path>
         <kind>archive</kind>
         <file>rts430x_lc_rd_eabi.lib</file>
         <name>exit.obj</name>
      </input_file>
      <input_file id="fl-6f">
         <path>C:\ti\ccsv6\tools\compiler\ti-cgt-msp430_4.4.4\lib\</path>
         <kind>archive</kind>
         <file>rts430x_lc_rd_eabi.lib</file>
         <name>exit_gvars.obj</name>
      </input_file>
      <input_file id="fl-70">
         <path>C:\ti\ccsv6\tools\compiler\ti-cgt-msp430_4.4.4\lib\</path>
         <kind>archive</kind>
         <file>rts430x_lc_rd_eabi.lib</file>
         <name>_lock.obj</name>
      </input_file>
      <input_file id="fl-71">
         <path>C:\ti\ccsv6\tools\compiler\ti-cgt-msp430_4.4.4\lib\</path>
         <kind>archive</kind>
         <file>rts430x_lc_rd_eabi.lib</file>
         <name>memcpy.obj</name>
      </input_file>
      <input_file id="fl-72">
         <path>C:\ti\ccsv6\tools\compiler\ti-cgt-msp430_4.4.4\lib\</path>
         <kind>archive</kind>
         <file>rts430x_lc_rd_eabi.lib</file>
         <name>sprintf.obj</name>
      </input_file>
      <input_file id="fl-73">
         <path>C:\ti\ccsv6\tools\compiler\ti-cgt-msp430_4.4.4\lib\</path>
         <kind>archive</kind>
         <file>rts430x_lc_rd_eabi.lib</file>
         <name>_printfi_min.obj</name>
      </input_file>
      <input_file id="fl-74">
         <path>C:\ti\ccsv6\tools\compiler\ti-cgt-msp430_4.4.4\lib\</path>
         <kind>archive</kind>
         <file>rts430x_lc_rd_eabi.lib</file>
         <name>memccpy.obj</name>
      </input_file>
      <input_file id="fl-75">
         <path>C:\ti\ccsv6\tools\compiler\ti-cgt-msp430_4.4.4\lib\</path>
         <kind>archive</kind>
         <file>rts430x_lc_rd_eabi.lib</file>
         <name>memset.obj</name>
      </input_file>
      <input_file id="fl-76">
         <path>C:\ti\ccsv6\tools\compiler\ti-cgt-msp430_4.4.4\lib\</path>
         <kind>archive</kind>
         <file>rts430x_lc_rd_eabi.lib</file>
         <name>strlen.obj</name>
      </input_file>
   </input_file_list>
   <object_component_list>
      <object_component id="oc-472">
         <name>.cinit..data.load</name>
         <load_address>0x461a</load_address>
         <run_address>0x461a</run_address>
         <size>0x53</size>
      </object_component>
      <object_component id="oc-46f">
         <name>__TI_handler_table</name>
         <load_address>0x466e</load_address>
         <run_address>0x466e</run_address>
         <size>0xc</size>
      </object_component>
      <object_component id="oc-471">
         <name>.cinit..bss.load</name>
         <load_address>0x467a</load_address>
         <run_address>0x467a</run_address>
         <size>0x6</size>
      </object_component>
      <object_component id="oc-470">
         <name>__TI_cinit_table</name>
         <load_address>0x4680</load_address>
         <run_address>0x4680</run_address>
         <size>0x10</size>
      </object_component>
      <object_component id="oc-348">
         <name>.const:alphabetBig</name>
         <load_address>0x4556</load_address>
         <run_address>0x4556</run_address>
         <size>0x34</size>
         <input_file_ref idref="fl-5"/>
      </object_component>
      <object_component id="oc-1d1">
         <name>.const:.string</name>
         <load_address>0x458a</load_address>
         <run_address>0x458a</run_address>
         <size>0x22</size>
         <input_file_ref idref="fl-2"/>
      </object_component>
      <object_component id="oc-1e1">
         <name>.const:GPIO_PORT_TO_BASE</name>
         <load_address>0x45ac</load_address>
         <run_address>0x45ac</run_address>
         <size>0x1c</size>
         <input_file_ref idref="fl-15"/>
      </object_component>
      <object_component id="oc-345">
         <name>.const:SegmentLoc</name>
         <load_address>0x45c8</load_address>
         <run_address>0x45c8</run_address>
         <size>0x18</size>
         <input_file_ref idref="fl-5"/>
      </object_component>
      <object_component id="oc-3ac">
         <name>.const:.string</name>
         <load_address>0x45e0</load_address>
         <run_address>0x45e0</run_address>
         <size>0x14</size>
         <input_file_ref idref="fl-73"/>
      </object_component>
      <object_component id="oc-351">
         <name>.const:digit</name>
         <load_address>0x45f4</load_address>
         <run_address>0x45f4</run_address>
         <size>0x14</size>
         <input_file_ref idref="fl-5"/>
      </object_component>
      <object_component id="oc-169">
         <name>.const:.string</name>
         <load_address>0x4608</load_address>
         <run_address>0x4608</run_address>
         <size>0x12</size>
         <input_file_ref idref="fl-4"/>
      </object_component>
      <object_component id="oc-103">
         <name>.text:_isr:pushbutton_ISR</name>
         <load_address>0x4400</load_address>
         <run_address>0x4400</run_address>
         <size>0x9e</size>
         <input_file_ref idref="fl-4"/>
      </object_component>
      <object_component id="oc-109">
         <name>.text:_isr:myUart_isr</name>
         <load_address>0x449e</load_address>
         <run_address>0x449e</run_address>
         <size>0x9a</size>
         <input_file_ref idref="fl-6"/>
      </object_component>
      <object_component id="oc-bb">
         <name>.text:_isr:_c_int00_noargs_noexit</name>
         <load_address>0x4538</load_address>
         <run_address>0x4538</run_address>
         <size>0x1a</size>
         <input_file_ref idref="fl-6b"/>
      </object_component>
      <object_component id="oc-fd">
         <name>.text:_isr:UNUSED_HWI_ISR</name>
         <load_address>0x4552</load_address>
         <run_address>0x4552</run_address>
         <size>0x4</size>
         <input_file_ref idref="fl-7"/>
      </object_component>
      <object_component id="oc-20c">
         <name>.text:myLCD_showChar</name>
         <load_address>0x10000</load_address>
         <run_address>0x10000</run_address>
         <size>0x1e2</size>
         <input_file_ref idref="fl-5"/>
      </object_component>
      <object_component id="oc-176">
         <name>.text:myLCD_displayNumber</name>
         <load_address>0x101e2</load_address>
         <run_address>0x101e2</run_address>
         <size>0x1da</size>
         <input_file_ref idref="fl-5"/>
      </object_component>
      <object_component id="oc-3cd">
         <name>.text:privateCSASourceClockFromDCO</name>
         <load_address>0x103bc</load_address>
         <run_address>0x103bc</run_address>
         <size>0x17c</size>
         <input_file_ref idref="fl-d"/>
      </object_component>
      <object_component id="oc-325">
         <name>.text:_setfield</name>
         <load_address>0x10538</load_address>
         <run_address>0x10538</run_address>
         <size>0x132</size>
         <input_file_ref idref="fl-73"/>
      </object_component>
      <object_component id="oc-371">
         <name>.text:privateCSAComputeCLKFrequency</name>
         <load_address>0x1066a</load_address>
         <run_address>0x1066a</run_address>
         <size>0xe0</size>
         <input_file_ref idref="fl-d"/>
      </object_component>
      <object_component id="oc-1ff">
         <name>.text:__TI_printfi_minimal</name>
         <load_address>0x1074a</load_address>
         <run_address>0x1074a</run_address>
         <size>0xd2</size>
         <input_file_ref idref="fl-73"/>
      </object_component>
      <object_component id="oc-17c">
         <name>.text:myUart_writeBuf</name>
         <load_address>0x1081c</load_address>
         <run_address>0x1081c</run_address>
         <size>0xcc</size>
         <input_file_ref idref="fl-6"/>
      </object_component>
      <object_component id="oc-1b9">
         <name>.text:initGPIO</name>
         <load_address>0x108e8</load_address>
         <run_address>0x108e8</run_address>
         <size>0xa0</size>
         <input_file_ref idref="fl-4"/>
      </object_component>
      <object_component id="oc-136">
         <name>.text:main</name>
         <load_address>0x10988</load_address>
         <run_address>0x10988</run_address>
         <size>0xa0</size>
         <input_file_ref idref="fl-2"/>
      </object_component>
      <object_component id="oc-1c5">
         <name>.text:myLCD_init</name>
         <load_address>0x10a28</load_address>
         <run_address>0x10a28</run_address>
         <size>0xa0</size>
         <input_file_ref idref="fl-5"/>
      </object_component>
      <object_component id="oc-303">
         <name>.text:EUSCI_A_UART_init</name>
         <load_address>0x10ac8</load_address>
         <run_address>0x10ac8</run_address>
         <size>0x9a</size>
         <input_file_ref idref="fl-11"/>
      </object_component>
      <object_component id="oc-1cb">
         <name>.text:myUart_init</name>
         <load_address>0x10b62</load_address>
         <run_address>0x10b62</run_address>
         <size>0x92</size>
         <input_file_ref idref="fl-6"/>
      </object_component>
      <object_component id="oc-1bf">
         <name>.text:initClocks</name>
         <load_address>0x10bf4</load_address>
         <run_address>0x10bf4</run_address>
         <size>0x8c</size>
         <input_file_ref idref="fl-3"/>
      </object_component>
      <object_component id="oc-2b7">
         <name>.text:LCD_C_setPinAsLCDFunctionEx</name>
         <load_address>0x10c80</load_address>
         <run_address>0x10c80</run_address>
         <size>0x8a</size>
         <input_file_ref idref="fl-16"/>
      </object_component>
      <object_component id="oc-27c">
         <name>.text:GPIO_setAsPeripheralModuleFunctionInputPin</name>
         <load_address>0x10d0a</load_address>
         <run_address>0x10d0a</run_address>
         <size>0x72</size>
         <input_file_ref idref="fl-15"/>
      </object_component>
      <object_component id="oc-276">
         <name>.text:GPIO_setAsPeripheralModuleFunctionOutputPin</name>
         <load_address>0x10d7c</load_address>
         <run_address>0x10d7c</run_address>
         <size>0x72</size>
         <input_file_ref idref="fl-15"/>
      </object_component>
      <object_component id="oc-34b">
         <name>.text:LCD_C_setMemory</name>
         <load_address>0x10dee</load_address>
         <run_address>0x10dee</run_address>
         <size>0x72</size>
         <input_file_ref idref="fl-16"/>
      </object_component>
      <object_component id="oc-11c">
         <name>.text:_auto_init_hold_wdt</name>
         <load_address>0x10e60</load_address>
         <run_address>0x10e60</run_address>
         <size>0x6c</size>
         <input_file_ref idref="fl-6a"/>
      </object_component>
      <object_component id="oc-f0">
         <name>.text:__TI_decompress_rle_core</name>
         <load_address>0x10ecc</load_address>
         <run_address>0x10ecc</run_address>
         <size>0x68</size>
         <input_file_ref idref="fl-59"/>
      </object_component>
      <object_component id="oc-2aa">
         <name>.text:CS_initClockSignal</name>
         <load_address>0x10f34</load_address>
         <run_address>0x10f34</run_address>
         <size>0x66</size>
         <input_file_ref idref="fl-d"/>
      </object_component>
      <object_component id="oc-3e8">
         <name>.text:_ltostr</name>
         <load_address>0x10f9a</load_address>
         <run_address>0x10f9a</run_address>
         <size>0x5a</size>
         <input_file_ref idref="fl-73"/>
      </object_component>
      <object_component id="oc-207">
         <name>.text</name>
         <load_address>0x10ff4</load_address>
         <run_address>0x10ff4</run_address>
         <size>0x58</size>
         <input_file_ref idref="fl-5e"/>
      </object_component>
      <object_component id="oc-2c6">
         <name>.text:LCD_C_setVLCDSource</name>
         <load_address>0x1104c</load_address>
         <run_address>0x1104c</run_address>
         <size>0x52</size>
         <input_file_ref idref="fl-16"/>
      </object_component>
      <object_component id="oc-3ad">
         <name>.text:_pproc_diouxp</name>
         <load_address>0x1109e</load_address>
         <run_address>0x1109e</run_address>
         <size>0x4c</size>
         <input_file_ref idref="fl-73"/>
      </object_component>
      <object_component id="oc-25e">
         <name>.text:GPIO_setAsInputPinWithPullUpResistor</name>
         <load_address>0x110ea</load_address>
         <run_address>0x110ea</run_address>
         <size>0x4a</size>
         <input_file_ref idref="fl-15"/>
      </object_component>
      <object_component id="oc-32b">
         <name>.text:_pproc_str</name>
         <load_address>0x11134</load_address>
         <run_address>0x11134</run_address>
         <size>0x48</size>
         <input_file_ref idref="fl-73"/>
      </object_component>
      <object_component id="oc-170">
         <name>.text:sprintf</name>
         <load_address>0x1117c</load_address>
         <run_address>0x1117c</run_address>
         <size>0x44</size>
         <input_file_ref idref="fl-72"/>
      </object_component>
      <object_component id="oc-385">
         <name>.text:setLCDFunction</name>
         <load_address>0x111c0</load_address>
         <run_address>0x111c0</run_address>
         <size>0x42</size>
         <input_file_ref idref="fl-16"/>
      </object_component>
      <object_component id="oc-3c8">
         <name>.text</name>
         <load_address>0x11202</load_address>
         <run_address>0x11202</run_address>
         <size>0x40</size>
         <input_file_ref idref="fl-5c"/>
      </object_component>
      <object_component id="oc-3e2">
         <name>.text:_getarg_diouxp</name>
         <load_address>0x11242</load_address>
         <run_address>0x11242</run_address>
         <size>0x3e</size>
         <input_file_ref idref="fl-73"/>
      </object_component>
      <object_component id="oc-29e">
         <name>.text:CS_turnOnLFXT</name>
         <load_address>0x11280</load_address>
         <run_address>0x11280</run_address>
         <size>0x3a</size>
         <input_file_ref idref="fl-d"/>
      </object_component>
      <object_component id="oc-24c">
         <name>.text:GPIO_setAsOutputPin</name>
         <load_address>0x112ba</load_address>
         <run_address>0x112ba</run_address>
         <size>0x34</size>
         <input_file_ref idref="fl-15"/>
      </object_component>
      <object_component id="oc-264">
         <name>.text:GPIO_selectInterruptEdge</name>
         <load_address>0x112ee</load_address>
         <run_address>0x112ee</run_address>
         <size>0x2e</size>
         <input_file_ref idref="fl-15"/>
      </object_component>
      <object_component id="oc-2c0">
         <name>.text:LCD_C_init</name>
         <load_address>0x1131c</load_address>
         <run_address>0x1131c</run_address>
         <size>0x2e</size>
         <input_file_ref idref="fl-16"/>
      </object_component>
      <object_component id="oc-2de">
         <name>.text:LCD_C_configChargePump</name>
         <load_address>0x1134a</load_address>
         <run_address>0x1134a</run_address>
         <size>0x2c</size>
         <input_file_ref idref="fl-16"/>
      </object_component>
      <object_component id="oc-3d3">
         <name>.text</name>
         <load_address>0x11376</load_address>
         <run_address>0x11376</run_address>
         <size>0x2c</size>
         <input_file_ref idref="fl-5b"/>
      </object_component>
      <object_component id="oc-9d">
         <name>.text:decompress:ZI:__TI_zero_init</name>
         <load_address>0x113a2</load_address>
         <run_address>0x113a2</run_address>
         <size>0x24</size>
         <input_file_ref idref="fl-5a"/>
      </object_component>
      <object_component id="oc-315">
         <name>.text:EUSCI_A_UART_enableInterrupt</name>
         <load_address>0x113c6</load_address>
         <run_address>0x113c6</run_address>
         <size>0x22</size>
         <input_file_ref idref="fl-11"/>
      </object_component>
      <object_component id="oc-189">
         <name>.text:EUSCI_A_UART_transmitData</name>
         <load_address>0x113e8</load_address>
         <run_address>0x113e8</run_address>
         <size>0x22</size>
         <input_file_ref idref="fl-11"/>
      </object_component>
      <object_component id="oc-18f">
         <name>.text:EUSCI_A_UART_receiveData</name>
         <load_address>0x1140a</load_address>
         <run_address>0x1140a</run_address>
         <size>0x20</size>
         <input_file_ref idref="fl-11"/>
      </object_component>
      <object_component id="oc-1b3">
         <name>.text:WDT_A_hold</name>
         <load_address>0x1142a</load_address>
         <run_address>0x1142a</run_address>
         <size>0x20</size>
         <input_file_ref idref="fl-23"/>
      </object_component>
      <object_component id="oc-1f3">
         <name>.text:_outs</name>
         <load_address>0x1144a</load_address>
         <run_address>0x1144a</run_address>
         <size>0x20</size>
         <input_file_ref idref="fl-72"/>
      </object_component>
      <object_component id="oc-289">
         <name>.text:CS_getACLK</name>
         <load_address>0x1146a</load_address>
         <run_address>0x1146a</run_address>
         <size>0x1e</size>
         <input_file_ref idref="fl-d"/>
      </object_component>
      <object_component id="oc-26a">
         <name>.text:GPIO_clearInterrupt</name>
         <load_address>0x11488</load_address>
         <run_address>0x11488</run_address>
         <size>0x1e</size>
         <input_file_ref idref="fl-15"/>
      </object_component>
      <object_component id="oc-270">
         <name>.text:GPIO_enableInterrupt</name>
         <load_address>0x114a6</load_address>
         <run_address>0x114a6</run_address>
         <size>0x1e</size>
         <input_file_ref idref="fl-15"/>
      </object_component>
      <object_component id="oc-3b3">
         <name>.text:memccpy</name>
         <load_address>0x114c4</load_address>
         <run_address>0x114c4</run_address>
         <size>0x1e</size>
         <input_file_ref idref="fl-74"/>
      </object_component>
      <object_component id="oc-252">
         <name>.text:GPIO_setOutputLowOnPin</name>
         <load_address>0x114e2</load_address>
         <run_address>0x114e2</run_address>
         <size>0x1c</size>
         <input_file_ref idref="fl-15"/>
      </object_component>
      <object_component id="oc-163">
         <name>.text:GPIO_toggleOutputOnPin</name>
         <load_address>0x114fe</load_address>
         <run_address>0x114fe</run_address>
         <size>0x1c</size>
         <input_file_ref idref="fl-15"/>
      </object_component>
      <object_component id="oc-2f6">
         <name>.text:LCD_C_setBlinkingControl</name>
         <load_address>0x1151a</load_address>
         <run_address>0x1151a</run_address>
         <size>0x1c</size>
         <input_file_ref idref="fl-16"/>
      </object_component>
      <object_component id="oc-292">
         <name>.text:CS_getSMCLK</name>
         <load_address>0x11536</load_address>
         <run_address>0x11536</run_address>
         <size>0x1a</size>
         <input_file_ref idref="fl-d"/>
      </object_component>
      <object_component id="oc-2d8">
         <name>.text:LCD_C_selectChargePumpReference</name>
         <load_address>0x11550</load_address>
         <run_address>0x11550</run_address>
         <size>0x1a</size>
         <input_file_ref idref="fl-16"/>
      </object_component>
      <object_component id="oc-2cc">
         <name>.text:LCD_C_setVLCDVoltage</name>
         <load_address>0x1156a</load_address>
         <run_address>0x1156a</run_address>
         <size>0x1a</size>
         <input_file_ref idref="fl-16"/>
      </object_component>
      <object_component id="oc-401">
         <name>.text:_div</name>
         <load_address>0x11584</load_address>
         <run_address>0x11584</run_address>
         <size>0x1a</size>
         <input_file_ref idref="fl-73"/>
      </object_component>
      <object_component id="oc-2f0">
         <name>.text:LCD_C_selectDisplayMemory</name>
         <load_address>0x1159e</load_address>
         <run_address>0x1159e</run_address>
         <size>0x18</size>
         <input_file_ref idref="fl-16"/>
      </object_component>
      <object_component id="oc-298">
         <name>.text:CS_getMCLK</name>
         <load_address>0x115b6</load_address>
         <run_address>0x115b6</run_address>
         <size>0x16</size>
         <input_file_ref idref="fl-d"/>
      </object_component>
      <object_component id="oc-3a6">
         <name>.text:memset</name>
         <load_address>0x115cc</load_address>
         <run_address>0x115cc</run_address>
         <size>0x16</size>
         <input_file_ref idref="fl-75"/>
      </object_component>
      <object_component id="oc-3f8">
         <name>.text</name>
         <load_address>0x115e2</load_address>
         <run_address>0x115e2</run_address>
         <size>0x16</size>
         <input_file_ref idref="fl-5d"/>
      </object_component>
      <object_component id="oc-214">
         <name>.text</name>
         <load_address>0x115f8</load_address>
         <run_address>0x115f8</run_address>
         <size>0x16</size>
         <input_file_ref idref="fl-60"/>
      </object_component>
      <object_component id="oc-1f9">
         <name>.text:_outc</name>
         <load_address>0x1160e</load_address>
         <run_address>0x1160e</run_address>
         <size>0x14</size>
         <input_file_ref idref="fl-72"/>
      </object_component>
      <object_component id="oc-e3">
         <name>.text:memcpy</name>
         <load_address>0x11622</load_address>
         <run_address>0x11622</run_address>
         <size>0x14</size>
         <input_file_ref idref="fl-71"/>
      </object_component>
      <object_component id="oc-2a4">
         <name>.text:CS_setDCOFreq</name>
         <load_address>0x11636</load_address>
         <run_address>0x11636</run_address>
         <size>0x12</size>
         <input_file_ref idref="fl-d"/>
      </object_component>
      <object_component id="oc-283">
         <name>.text:CS_setExternalClockSource</name>
         <load_address>0x11648</load_address>
         <run_address>0x11648</run_address>
         <size>0x12</size>
         <input_file_ref idref="fl-d"/>
      </object_component>
      <object_component id="oc-75">
         <name>.text:decompress:none:__TI_decompress_none</name>
         <load_address>0x1165a</load_address>
         <run_address>0x1165a</run_address>
         <size>0x12</size>
         <input_file_ref idref="fl-58"/>
      </object_component>
      <object_component id="oc-30f">
         <name>.text:EUSCI_A_UART_clearInterrupt</name>
         <load_address>0x1166c</load_address>
         <run_address>0x1166c</run_address>
         <size>0xe</size>
         <input_file_ref idref="fl-11"/>
      </object_component>
      <object_component id="oc-2d2">
         <name>.text:LCD_C_enableChargePump</name>
         <load_address>0x1167a</load_address>
         <run_address>0x1167a</run_address>
         <size>0xe</size>
         <input_file_ref idref="fl-16"/>
      </object_component>
      <object_component id="oc-219">
         <name>.text:strlen</name>
         <load_address>0x11688</load_address>
         <run_address>0x11688</run_address>
         <size>0xe</size>
         <input_file_ref idref="fl-76"/>
      </object_component>
      <object_component id="oc-2ea">
         <name>.text:LCD_C_clearBlinkingMemory</name>
         <load_address>0x11696</load_address>
         <run_address>0x11696</run_address>
         <size>0xc</size>
         <input_file_ref idref="fl-16"/>
      </object_component>
      <object_component id="oc-2e4">
         <name>.text:LCD_C_clearMemory</name>
         <load_address>0x116a2</load_address>
         <run_address>0x116a2</run_address>
         <size>0xc</size>
         <input_file_ref idref="fl-16"/>
      </object_component>
      <object_component id="oc-38b">
         <name>.text</name>
         <load_address>0x116ae</load_address>
         <run_address>0x116ae</run_address>
         <size>0xa</size>
         <input_file_ref idref="fl-65"/>
      </object_component>
      <object_component id="oc-380">
         <name>.text</name>
         <load_address>0x116b8</load_address>
         <run_address>0x116b8</run_address>
         <size>0xa</size>
         <input_file_ref idref="fl-67"/>
      </object_component>
      <object_component id="oc-309">
         <name>.text:EUSCI_A_UART_enable</name>
         <load_address>0x116c2</load_address>
         <run_address>0x116c2</run_address>
         <size>0x6</size>
         <input_file_ref idref="fl-11"/>
      </object_component>
      <object_component id="oc-2b1">
         <name>.text:LCD_C_off</name>
         <load_address>0x116c8</load_address>
         <run_address>0x116c8</run_address>
         <size>0x6</size>
         <input_file_ref idref="fl-16"/>
      </object_component>
      <object_component id="oc-2fc">
         <name>.text:LCD_C_on</name>
         <load_address>0x116ce</load_address>
         <run_address>0x116ce</run_address>
         <size>0x6</size>
         <input_file_ref idref="fl-16"/>
      </object_component>
      <object_component id="oc-258">
         <name>.text:PMM_unlockLPM5</name>
         <load_address>0x116d4</load_address>
         <run_address>0x116d4</run_address>
         <size>0x6</size>
         <input_file_ref idref="fl-19"/>
      </object_component>
      <object_component id="oc-7b">
         <name>.text:decompress:rle24:__TI_decompress_rle24</name>
         <load_address>0x116da</load_address>
         <run_address>0x116da</run_address>
         <size>0x6</size>
         <input_file_ref idref="fl-59"/>
      </object_component>
      <object_component id="oc-116">
         <name>.text:_system_pre_init</name>
         <load_address>0x116e0</load_address>
         <run_address>0x116e0</run_address>
         <size>0x4</size>
         <input_file_ref idref="fl-6d"/>
      </object_component>
      <object_component id="oc-13e">
         <name>.text:abort</name>
         <load_address>0x116e4</load_address>
         <run_address>0x116e4</run_address>
         <size>0x4</size>
         <input_file_ref idref="fl-6e"/>
      </object_component>
      <object_component id="oc-1d2">
         <name>.common:val</name>
         <uninitialized>true</uninitialized>
         <run_address>0x1ccc</run_address>
         <size>0x6</size>
      </object_component>
      <object_component id="oc-16d">
         <name>.common:str</name>
         <uninitialized>true</uninitialized>
         <run_address>0x1c7c</run_address>
         <size>0x50</size>
      </object_component>
      <object_component id="oc-186">
         <name>.common:txBuf</name>
         <uninitialized>true</uninitialized>
         <run_address>0x1cd6</run_address>
         <size>0x4</size>
      </object_component>
      <object_component id="oc-196">
         <name>.common:rxBuf</name>
         <uninitialized>true</uninitialized>
         <run_address>0x1cd2</run_address>
         <size>0x4</size>
      </object_component>
      <object_component id="oc-195">
         <name>.common:in</name>
         <uninitialized>true</uninitialized>
         <run_address>0x1cda</run_address>
         <size>0x1</size>
      </object_component>
      <object_component id="oc-1d5">
         <name>.data:gStr</name>
         <load_address>0x1c4e</load_address>
         <run_address>0x1c4e</run_address>
         <size>0xc</size>
         <input_file_ref idref="fl-2"/>
      </object_component>
      <object_component id="oc-28f">
         <name>.data</name>
         <load_address>0x1c5a</load_address>
         <run_address>0x1c5a</run_address>
         <size>0xc</size>
         <input_file_ref idref="fl-3"/>
      </object_component>
      <object_component id="oc-16a">
         <name>.data</name>
         <load_address>0x1c7a</load_address>
         <run_address>0x1c7a</run_address>
         <size>0x2</size>
         <input_file_ref idref="fl-4"/>
      </object_component>
      <object_component id="oc-2bd">
         <name>.data</name>
         <load_address>0x1c66</load_address>
         <run_address>0x1c66</run_address>
         <size>0xc</size>
         <input_file_ref idref="fl-5"/>
      </object_component>
      <object_component id="oc-183">
         <name>.data</name>
         <load_address>0x1c00</load_address>
         <run_address>0x1c00</run_address>
         <size>0x4e</size>
         <input_file_ref idref="fl-6"/>
      </object_component>
      <object_component id="oc-36d">
         <name>.data</name>
         <load_address>0x1c72</load_address>
         <run_address>0x1c72</run_address>
         <size>0x8</size>
         <input_file_ref idref="fl-d"/>
      </object_component>
      <object_component id="oc-df">
         <name>.stack</name>
         <uninitialized>true</uninitialized>
         <run_address>0x2360</run_address>
         <size>0x4</size>
         <input_file_ref idref="fl-68"/>
      </object_component>
      <object_component id="oc-473">
         <name>.stack</name>
         <uninitialized>true</uninitialized>
         <run_address>0x2360</run_address>
         <size>0x0</size>
      </object_component>
      <object_component id="oc-81">
         <name>.int27</name>
         <load_address>0xffc6</load_address>
         <run_address>0xffc6</run_address>
         <size>0x2</size>
         <input_file_ref idref="fl-7"/>
      </object_component>
      <object_component id="oc-82">
         <name>.int28</name>
         <load_address>0xffc8</load_address>
         <run_address>0xffc8</run_address>
         <size>0x2</size>
         <input_file_ref idref="fl-7"/>
      </object_component>
      <object_component id="oc-83">
         <name>.int29</name>
         <load_address>0xffca</load_address>
         <run_address>0xffca</run_address>
         <size>0x2</size>
         <input_file_ref idref="fl-7"/>
      </object_component>
      <object_component id="oc-84">
         <name>.int30</name>
         <load_address>0xffcc</load_address>
         <run_address>0xffcc</run_address>
         <size>0x2</size>
         <input_file_ref idref="fl-7"/>
      </object_component>
      <object_component id="oc-85">
         <name>.int31</name>
         <load_address>0xffce</load_address>
         <run_address>0xffce</run_address>
         <size>0x2</size>
         <input_file_ref idref="fl-7"/>
      </object_component>
      <object_component id="oc-86">
         <name>.int32</name>
         <load_address>0xffd0</load_address>
         <run_address>0xffd0</run_address>
         <size>0x2</size>
         <input_file_ref idref="fl-7"/>
      </object_component>
      <object_component id="oc-87">
         <name>.int33</name>
         <load_address>0xffd2</load_address>
         <run_address>0xffd2</run_address>
         <size>0x2</size>
         <input_file_ref idref="fl-7"/>
      </object_component>
      <object_component id="oc-88">
         <name>.int34</name>
         <load_address>0xffd4</load_address>
         <run_address>0xffd4</run_address>
         <size>0x2</size>
         <input_file_ref idref="fl-7"/>
      </object_component>
      <object_component id="oc-89">
         <name>.int35</name>
         <load_address>0xffd6</load_address>
         <run_address>0xffd6</run_address>
         <size>0x2</size>
         <input_file_ref idref="fl-7"/>
      </object_component>
      <object_component id="oc-8a">
         <name>.int36</name>
         <load_address>0xffd8</load_address>
         <run_address>0xffd8</run_address>
         <size>0x2</size>
         <input_file_ref idref="fl-7"/>
      </object_component>
      <object_component id="oc-8b">
         <name>.int37</name>
         <load_address>0xffda</load_address>
         <run_address>0xffda</run_address>
         <size>0x2</size>
         <input_file_ref idref="fl-4"/>
      </object_component>
      <object_component id="oc-8c">
         <name>.int38</name>
         <load_address>0xffdc</load_address>
         <run_address>0xffdc</run_address>
         <size>0x2</size>
         <input_file_ref idref="fl-7"/>
      </object_component>
      <object_component id="oc-8d">
         <name>.int39</name>
         <load_address>0xffde</load_address>
         <run_address>0xffde</run_address>
         <size>0x2</size>
         <input_file_ref idref="fl-7"/>
      </object_component>
      <object_component id="oc-8e">
         <name>.int40</name>
         <load_address>0xffe0</load_address>
         <run_address>0xffe0</run_address>
         <size>0x2</size>
         <input_file_ref idref="fl-7"/>
      </object_component>
      <object_component id="oc-8f">
         <name>.int41</name>
         <load_address>0xffe2</load_address>
         <run_address>0xffe2</run_address>
         <size>0x2</size>
         <input_file_ref idref="fl-7"/>
      </object_component>
      <object_component id="oc-90">
         <name>.int42</name>
         <load_address>0xffe4</load_address>
         <run_address>0xffe4</run_address>
         <size>0x2</size>
         <input_file_ref idref="fl-6"/>
      </object_component>
      <object_component id="oc-91">
         <name>.int43</name>
         <load_address>0xffe6</load_address>
         <run_address>0xffe6</run_address>
         <size>0x2</size>
         <input_file_ref idref="fl-7"/>
      </object_component>
      <object_component id="oc-92">
         <name>.int44</name>
         <load_address>0xffe8</load_address>
         <run_address>0xffe8</run_address>
         <size>0x2</size>
         <input_file_ref idref="fl-7"/>
      </object_component>
      <object_component id="oc-93">
         <name>.int45</name>
         <load_address>0xffea</load_address>
         <run_address>0xffea</run_address>
         <size>0x2</size>
         <input_file_ref idref="fl-7"/>
      </object_component>
      <object_component id="oc-94">
         <name>.int46</name>
         <load_address>0xffec</load_address>
         <run_address>0xffec</run_address>
         <size>0x2</size>
         <input_file_ref idref="fl-7"/>
      </object_component>
      <object_component id="oc-95">
         <name>.int47</name>
         <load_address>0xffee</load_address>
         <run_address>0xffee</run_address>
         <size>0x2</size>
         <input_file_ref idref="fl-7"/>
      </object_component>
      <object_component id="oc-96">
         <name>.int48</name>
         <load_address>0xfff0</load_address>
         <run_address>0xfff0</run_address>
         <size>0x2</size>
         <input_file_ref idref="fl-7"/>
      </object_component>
      <object_component id="oc-97">
         <name>.int49</name>
         <load_address>0xfff2</load_address>
         <run_address>0xfff2</run_address>
         <size>0x2</size>
         <input_file_ref idref="fl-7"/>
      </object_component>
      <object_component id="oc-98">
         <name>.int50</name>
         <load_address>0xfff4</load_address>
         <run_address>0xfff4</run_address>
         <size>0x2</size>
         <input_file_ref idref="fl-7"/>
      </object_component>
      <object_component id="oc-99">
         <name>.int51</name>
         <load_address>0xfff6</load_address>
         <run_address>0xfff6</run_address>
         <size>0x2</size>
         <input_file_ref idref="fl-7"/>
      </object_component>
      <object_component id="oc-9a">
         <name>.int52</name>
         <load_address>0xfff8</load_address>
         <run_address>0xfff8</run_address>
         <size>0x2</size>
         <input_file_ref idref="fl-7"/>
      </object_component>
      <object_component id="oc-9b">
         <name>.int53</name>
         <load_address>0xfffa</load_address>
         <run_address>0xfffa</run_address>
         <size>0x2</size>
         <input_file_ref idref="fl-7"/>
      </object_component>
      <object_component id="oc-9c">
         <name>.int54</name>
         <load_address>0xfffc</load_address>
         <run_address>0xfffc</run_address>
         <size>0x2</size>
         <input_file_ref idref="fl-7"/>
      </object_component>
      <object_component id="oc-e2">
         <name>.reset</name>
         <load_address>0xfffe</load_address>
         <run_address>0xfffe</run_address>
         <size>0x2</size>
         <input_file_ref idref="fl-68"/>
      </object_component>
      <object_component id="oc-1d3">
         <name>.debug_info</name>
         <load_address>0x0</load_address>
         <run_address>0x0</run_address>
         <size>0x3bd</size>
         <input_file_ref idref="fl-2"/>
      </object_component>
      <object_component id="oc-1d6">
         <name>.debug_info</name>
         <load_address>0x3bd</load_address>
         <run_address>0x3bd</run_address>
         <size>0xc5</size>
         <input_file_ref idref="fl-2"/>
      </object_component>
      <object_component id="oc-137">
         <name>.debug_info</name>
         <load_address>0x482</load_address>
         <run_address>0x482</run_address>
         <size>0x1cb</size>
         <input_file_ref idref="fl-2"/>
      </object_component>
      <object_component id="oc-1ee">
         <name>.debug_info</name>
         <load_address>0x64d</load_address>
         <run_address>0x64d</run_address>
         <size>0x12b</size>
         <input_file_ref idref="fl-2"/>
      </object_component>
      <object_component id="oc-222">
         <name>.debug_info</name>
         <load_address>0x778</load_address>
         <run_address>0x778</run_address>
         <size>0xee</size>
         <input_file_ref idref="fl-2"/>
      </object_component>
      <object_component id="oc-357">
         <name>.debug_info</name>
         <load_address>0x866</load_address>
         <run_address>0x866</run_address>
         <size>0xb2</size>
         <input_file_ref idref="fl-2"/>
      </object_component>
      <object_component id="oc-1dc">
         <name>.debug_info</name>
         <load_address>0x918</load_address>
         <run_address>0x918</run_address>
         <size>0x8b</size>
         <input_file_ref idref="fl-2"/>
      </object_component>
      <object_component id="oc-1e5">
         <name>.debug_info</name>
         <load_address>0x9a3</load_address>
         <run_address>0x9a3</run_address>
         <size>0x18b</size>
         <input_file_ref idref="fl-2"/>
      </object_component>
      <object_component id="oc-333">
         <name>.debug_info</name>
         <load_address>0xb2e</load_address>
         <run_address>0xb2e</run_address>
         <size>0x2c</size>
         <input_file_ref idref="fl-2"/>
      </object_component>
      <object_component id="oc-290">
         <name>.debug_info</name>
         <load_address>0xb5a</load_address>
         <run_address>0xb5a</run_address>
         <size>0x109</size>
         <input_file_ref idref="fl-3"/>
      </object_component>
      <object_component id="oc-1c0">
         <name>.debug_info</name>
         <load_address>0xc63</load_address>
         <run_address>0xc63</run_address>
         <size>0x202</size>
         <input_file_ref idref="fl-3"/>
      </object_component>
      <object_component id="oc-16e">
         <name>.debug_info</name>
         <load_address>0xe65</load_address>
         <run_address>0xe65</run_address>
         <size>0x620</size>
         <input_file_ref idref="fl-4"/>
      </object_component>
      <object_component id="oc-16b">
         <name>.debug_info</name>
         <load_address>0x1485</load_address>
         <run_address>0x1485</run_address>
         <size>0xc5</size>
         <input_file_ref idref="fl-4"/>
      </object_component>
      <object_component id="oc-1ba">
         <name>.debug_info</name>
         <load_address>0x154a</load_address>
         <run_address>0x154a</run_address>
         <size>0x313</size>
         <input_file_ref idref="fl-4"/>
      </object_component>
      <object_component id="oc-104">
         <name>.debug_info</name>
         <load_address>0x185d</load_address>
         <run_address>0x185d</run_address>
         <size>0x182</size>
         <input_file_ref idref="fl-4"/>
      </object_component>
      <object_component id="oc-213">
         <name>.debug_info</name>
         <load_address>0x19df</load_address>
         <run_address>0x19df</run_address>
         <size>0x563</size>
         <input_file_ref idref="fl-5"/>
      </object_component>
      <object_component id="oc-346">
         <name>.debug_info</name>
         <load_address>0x1f42</load_address>
         <run_address>0x1f42</run_address>
         <size>0xd2</size>
         <input_file_ref idref="fl-5"/>
      </object_component>
      <object_component id="oc-352">
         <name>.debug_info</name>
         <load_address>0x2014</load_address>
         <run_address>0x2014</run_address>
         <size>0xc8</size>
         <input_file_ref idref="fl-5"/>
      </object_component>
      <object_component id="oc-349">
         <name>.debug_info</name>
         <load_address>0x20dc</load_address>
         <run_address>0x20dc</run_address>
         <size>0xd4</size>
         <input_file_ref idref="fl-5"/>
      </object_component>
      <object_component id="oc-2be">
         <name>.debug_info</name>
         <load_address>0x21b0</load_address>
         <run_address>0x21b0</run_address>
         <size>0xd2</size>
         <input_file_ref idref="fl-5"/>
      </object_component>
      <object_component id="oc-1c6">
         <name>.debug_info</name>
         <load_address>0x2282</load_address>
         <run_address>0x2282</run_address>
         <size>0x27e</size>
         <input_file_ref idref="fl-5"/>
      </object_component>
      <object_component id="oc-20d">
         <name>.debug_info</name>
         <load_address>0x2500</load_address>
         <run_address>0x2500</run_address>
         <size>0x2ae</size>
         <input_file_ref idref="fl-5"/>
      </object_component>
      <object_component id="oc-177">
         <name>.debug_info</name>
         <load_address>0x27ae</load_address>
         <run_address>0x27ae</run_address>
         <size>0x329</size>
         <input_file_ref idref="fl-5"/>
      </object_component>
      <object_component id="oc-153">
         <name>.debug_info</name>
         <load_address>0x2ad7</load_address>
         <run_address>0x2ad7</run_address>
         <size>0x2c</size>
         <input_file_ref idref="fl-5"/>
      </object_component>
      <object_component id="oc-187">
         <name>.debug_info</name>
         <load_address>0x2b03</load_address>
         <run_address>0x2b03</run_address>
         <size>0x506</size>
         <input_file_ref idref="fl-6"/>
      </object_component>
      <object_component id="oc-184">
         <name>.debug_info</name>
         <load_address>0x3009</load_address>
         <run_address>0x3009</run_address>
         <size>0x299</size>
         <input_file_ref idref="fl-6"/>
      </object_component>
      <object_component id="oc-1cc">
         <name>.debug_info</name>
         <load_address>0x32a2</load_address>
         <run_address>0x32a2</run_address>
         <size>0x2f0</size>
         <input_file_ref idref="fl-6"/>
      </object_component>
      <object_component id="oc-17d">
         <name>.debug_info</name>
         <load_address>0x3592</load_address>
         <run_address>0x3592</run_address>
         <size>0x24a</size>
         <input_file_ref idref="fl-6"/>
      </object_component>
      <object_component id="oc-10a">
         <name>.debug_info</name>
         <load_address>0x37dc</load_address>
         <run_address>0x37dc</run_address>
         <size>0x182</size>
         <input_file_ref idref="fl-6"/>
      </object_component>
      <object_component id="oc-fe">
         <name>.debug_info</name>
         <load_address>0x395e</load_address>
         <run_address>0x395e</run_address>
         <size>0x12b</size>
         <input_file_ref idref="fl-7"/>
      </object_component>
      <object_component id="oc-14c">
         <name>.debug_info</name>
         <load_address>0x3a89</load_address>
         <run_address>0x3a89</run_address>
         <size>0x84</size>
         <input_file_ref idref="fl-9"/>
      </object_component>
      <object_component id="oc-36e">
         <name>.debug_info</name>
         <load_address>0x3b0d</load_address>
         <run_address>0x3b0d</run_address>
         <size>0x148</size>
         <input_file_ref idref="fl-d"/>
      </object_component>
      <object_component id="oc-3ce">
         <name>.debug_info</name>
         <load_address>0x3c55</load_address>
         <run_address>0x3c55</run_address>
         <size>0x2f8</size>
         <input_file_ref idref="fl-d"/>
      </object_component>
      <object_component id="oc-372">
         <name>.debug_info</name>
         <load_address>0x3f4d</load_address>
         <run_address>0x3f4d</run_address>
         <size>0x2ec</size>
         <input_file_ref idref="fl-d"/>
      </object_component>
      <object_component id="oc-284">
         <name>.debug_info</name>
         <load_address>0x4239</load_address>
         <run_address>0x4239</run_address>
         <size>0x224</size>
         <input_file_ref idref="fl-d"/>
      </object_component>
      <object_component id="oc-2ab">
         <name>.debug_info</name>
         <load_address>0x445d</load_address>
         <run_address>0x445d</run_address>
         <size>0x24c</size>
         <input_file_ref idref="fl-d"/>
      </object_component>
      <object_component id="oc-29f">
         <name>.debug_info</name>
         <load_address>0x46a9</load_address>
         <run_address>0x46a9</run_address>
         <size>0x167</size>
         <input_file_ref idref="fl-d"/>
      </object_component>
      <object_component id="oc-28a">
         <name>.debug_info</name>
         <load_address>0x4810</load_address>
         <run_address>0x4810</run_address>
         <size>0x1b6</size>
         <input_file_ref idref="fl-d"/>
      </object_component>
      <object_component id="oc-293">
         <name>.debug_info</name>
         <load_address>0x49c6</load_address>
         <run_address>0x49c6</run_address>
         <size>0x1bc</size>
         <input_file_ref idref="fl-d"/>
      </object_component>
      <object_component id="oc-299">
         <name>.debug_info</name>
         <load_address>0x4b82</load_address>
         <run_address>0x4b82</run_address>
         <size>0x16e</size>
         <input_file_ref idref="fl-d"/>
      </object_component>
      <object_component id="oc-2a5">
         <name>.debug_info</name>
         <load_address>0x4cf0</load_address>
         <run_address>0x4cf0</run_address>
         <size>0x191</size>
         <input_file_ref idref="fl-d"/>
      </object_component>
      <object_component id="oc-3a0">
         <name>.debug_info</name>
         <load_address>0x4e81</load_address>
         <run_address>0x4e81</run_address>
         <size>0x154</size>
         <input_file_ref idref="fl-11"/>
      </object_component>
      <object_component id="oc-304">
         <name>.debug_info</name>
         <load_address>0x4fd5</load_address>
         <run_address>0x4fd5</run_address>
         <size>0x1ec</size>
         <input_file_ref idref="fl-11"/>
      </object_component>
      <object_component id="oc-18a">
         <name>.debug_info</name>
         <load_address>0x51c1</load_address>
         <run_address>0x51c1</run_address>
         <size>0x1ff</size>
         <input_file_ref idref="fl-11"/>
      </object_component>
      <object_component id="oc-190">
         <name>.debug_info</name>
         <load_address>0x53c0</load_address>
         <run_address>0x53c0</run_address>
         <size>0x1bf</size>
         <input_file_ref idref="fl-11"/>
      </object_component>
      <object_component id="oc-316">
         <name>.debug_info</name>
         <load_address>0x557f</load_address>
         <run_address>0x557f</run_address>
         <size>0x1fc</size>
         <input_file_ref idref="fl-11"/>
      </object_component>
      <object_component id="oc-310">
         <name>.debug_info</name>
         <load_address>0x577b</load_address>
         <run_address>0x577b</run_address>
         <size>0x1c4</size>
         <input_file_ref idref="fl-11"/>
      </object_component>
      <object_component id="oc-30a">
         <name>.debug_info</name>
         <load_address>0x593f</load_address>
         <run_address>0x593f</run_address>
         <size>0x1b1</size>
         <input_file_ref idref="fl-11"/>
      </object_component>
      <object_component id="oc-322">
         <name>.debug_info</name>
         <load_address>0x5af0</load_address>
         <run_address>0x5af0</run_address>
         <size>0x15e</size>
         <input_file_ref idref="fl-15"/>
      </object_component>
      <object_component id="oc-1e2">
         <name>.debug_info</name>
         <load_address>0x5c4e</load_address>
         <run_address>0x5c4e</run_address>
         <size>0xf8</size>
         <input_file_ref idref="fl-15"/>
      </object_component>
      <object_component id="oc-24d">
         <name>.debug_info</name>
         <load_address>0x5d46</load_address>
         <run_address>0x5d46</run_address>
         <size>0x1fe</size>
         <input_file_ref idref="fl-15"/>
      </object_component>
      <object_component id="oc-277">
         <name>.debug_info</name>
         <load_address>0x5f44</load_address>
         <run_address>0x5f44</run_address>
         <size>0x250</size>
         <input_file_ref idref="fl-15"/>
      </object_component>
      <object_component id="oc-27d">
         <name>.debug_info</name>
         <load_address>0x6194</load_address>
         <run_address>0x6194</run_address>
         <size>0x24f</size>
         <input_file_ref idref="fl-15"/>
      </object_component>
      <object_component id="oc-253">
         <name>.debug_info</name>
         <load_address>0x63e3</load_address>
         <run_address>0x63e3</run_address>
         <size>0x207</size>
         <input_file_ref idref="fl-15"/>
      </object_component>
      <object_component id="oc-164">
         <name>.debug_info</name>
         <load_address>0x65ea</load_address>
         <run_address>0x65ea</run_address>
         <size>0x207</size>
         <input_file_ref idref="fl-15"/>
      </object_component>
      <object_component id="oc-25f">
         <name>.debug_info</name>
         <load_address>0x67f1</load_address>
         <run_address>0x67f1</run_address>
         <size>0x223</size>
         <input_file_ref idref="fl-15"/>
      </object_component>
      <object_component id="oc-271">
         <name>.debug_info</name>
         <load_address>0x6a14</load_address>
         <run_address>0x6a14</run_address>
         <size>0x203</size>
         <input_file_ref idref="fl-15"/>
      </object_component>
      <object_component id="oc-26b">
         <name>.debug_info</name>
         <load_address>0x6c17</load_address>
         <run_address>0x6c17</run_address>
         <size>0x201</size>
         <input_file_ref idref="fl-15"/>
      </object_component>
      <object_component id="oc-265">
         <name>.debug_info</name>
         <load_address>0x6e18</load_address>
         <run_address>0x6e18</run_address>
         <size>0x245</size>
         <input_file_ref idref="fl-15"/>
      </object_component>
      <object_component id="oc-394">
         <name>.debug_info</name>
         <load_address>0x705d</load_address>
         <run_address>0x705d</run_address>
         <size>0x157</size>
         <input_file_ref idref="fl-16"/>
      </object_component>
      <object_component id="oc-386">
         <name>.debug_info</name>
         <load_address>0x71b4</load_address>
         <run_address>0x71b4</run_address>
         <size>0x1be</size>
         <input_file_ref idref="fl-16"/>
      </object_component>
      <object_component id="oc-2c1">
         <name>.debug_info</name>
         <load_address>0x7372</load_address>
         <run_address>0x7372</run_address>
         <size>0x1c4</size>
         <input_file_ref idref="fl-16"/>
      </object_component>
      <object_component id="oc-2fd">
         <name>.debug_info</name>
         <load_address>0x7536</load_address>
         <run_address>0x7536</run_address>
         <size>0x186</size>
         <input_file_ref idref="fl-16"/>
      </object_component>
      <object_component id="oc-2b2">
         <name>.debug_info</name>
         <load_address>0x76bc</load_address>
         <run_address>0x76bc</run_address>
         <size>0x188</size>
         <input_file_ref idref="fl-16"/>
      </object_component>
      <object_component id="oc-2e5">
         <name>.debug_info</name>
         <load_address>0x7844</load_address>
         <run_address>0x7844</run_address>
         <size>0x179</size>
         <input_file_ref idref="fl-16"/>
      </object_component>
      <object_component id="oc-2eb">
         <name>.debug_info</name>
         <load_address>0x79bd</load_address>
         <run_address>0x79bd</run_address>
         <size>0x189</size>
         <input_file_ref idref="fl-16"/>
      </object_component>
      <object_component id="oc-2f1">
         <name>.debug_info</name>
         <load_address>0x7b46</load_address>
         <run_address>0x7b46</run_address>
         <size>0x1ee</size>
         <input_file_ref idref="fl-16"/>
      </object_component>
      <object_component id="oc-2f7">
         <name>.debug_info</name>
         <load_address>0x7d34</load_address>
         <run_address>0x7d34</run_address>
         <size>0x222</size>
         <input_file_ref idref="fl-16"/>
      </object_component>
      <object_component id="oc-2d3">
         <name>.debug_info</name>
         <load_address>0x7f56</load_address>
         <run_address>0x7f56</run_address>
         <size>0x1a2</size>
         <input_file_ref idref="fl-16"/>
      </object_component>
      <object_component id="oc-2d9">
         <name>.debug_info</name>
         <load_address>0x80f8</load_address>
         <run_address>0x80f8</run_address>
         <size>0x1ea</size>
         <input_file_ref idref="fl-16"/>
      </object_component>
      <object_component id="oc-2c7">
         <name>.debug_info</name>
         <load_address>0x82e2</load_address>
         <run_address>0x82e2</run_address>
         <size>0x24a</size>
         <input_file_ref idref="fl-16"/>
      </object_component>
      <object_component id="oc-2cd">
         <name>.debug_info</name>
         <load_address>0x852c</load_address>
         <run_address>0x852c</run_address>
         <size>0x1cc</size>
         <input_file_ref idref="fl-16"/>
      </object_component>
      <object_component id="oc-2b8">
         <name>.debug_info</name>
         <load_address>0x86f8</load_address>
         <run_address>0x86f8</run_address>
         <size>0x325</size>
         <input_file_ref idref="fl-16"/>
      </object_component>
      <object_component id="oc-34c">
         <name>.debug_info</name>
         <load_address>0x8a1d</load_address>
         <run_address>0x8a1d</run_address>
         <size>0x1db</size>
         <input_file_ref idref="fl-16"/>
      </object_component>
      <object_component id="oc-2df">
         <name>.debug_info</name>
         <load_address>0x8bf8</load_address>
         <run_address>0x8bf8</run_address>
         <size>0x1eb</size>
         <input_file_ref idref="fl-16"/>
      </object_component>
      <object_component id="oc-259">
         <name>.debug_info</name>
         <load_address>0x8de3</load_address>
         <run_address>0x8de3</run_address>
         <size>0x14e</size>
         <input_file_ref idref="fl-19"/>
      </object_component>
      <object_component id="oc-1b4">
         <name>.debug_info</name>
         <load_address>0x8f31</load_address>
         <run_address>0x8f31</run_address>
         <size>0x1ab</size>
         <input_file_ref idref="fl-23"/>
      </object_component>
      <object_component id="oc-ef">
         <name>.debug_info</name>
         <load_address>0x90dc</load_address>
         <run_address>0x90dc</run_address>
         <size>0x1a9</size>
         <input_file_ref idref="fl-58"/>
      </object_component>
      <object_component id="oc-77">
         <name>.debug_info</name>
         <load_address>0x9285</load_address>
         <run_address>0x9285</run_address>
         <size>0x1ab</size>
         <input_file_ref idref="fl-58"/>
      </object_component>
      <object_component id="oc-ea">
         <name>.debug_info</name>
         <load_address>0x9430</load_address>
         <run_address>0x9430</run_address>
         <size>0x46</size>
         <input_file_ref idref="fl-58"/>
      </object_component>
      <object_component id="oc-15a">
         <name>.debug_info</name>
         <load_address>0x9476</load_address>
         <run_address>0x9476</run_address>
         <size>0x2c</size>
         <input_file_ref idref="fl-58"/>
      </object_component>
      <object_component id="oc-f7">
         <name>.debug_info</name>
         <load_address>0x94a2</load_address>
         <run_address>0x94a2</run_address>
         <size>0x166</size>
         <input_file_ref idref="fl-59"/>
      </object_component>
      <object_component id="oc-f1">
         <name>.debug_info</name>
         <load_address>0x9608</load_address>
         <run_address>0x9608</run_address>
         <size>0x21d</size>
         <input_file_ref idref="fl-59"/>
      </object_component>
      <object_component id="oc-7e">
         <name>.debug_info</name>
         <load_address>0x9825</load_address>
         <run_address>0x9825</run_address>
         <size>0x194</size>
         <input_file_ref idref="fl-59"/>
      </object_component>
      <object_component id="oc-f8">
         <name>.debug_info</name>
         <load_address>0x99b9</load_address>
         <run_address>0x99b9</run_address>
         <size>0x39</size>
         <input_file_ref idref="fl-59"/>
      </object_component>
      <object_component id="oc-115">
         <name>.debug_info</name>
         <load_address>0x99f2</load_address>
         <run_address>0x99f2</run_address>
         <size>0x157</size>
         <input_file_ref idref="fl-5a"/>
      </object_component>
      <object_component id="oc-9e">
         <name>.debug_info</name>
         <load_address>0x9b49</load_address>
         <run_address>0x9b49</run_address>
         <size>0x19d</size>
         <input_file_ref idref="fl-5a"/>
      </object_component>
      <object_component id="oc-110">
         <name>.debug_info</name>
         <load_address>0x9ce6</load_address>
         <run_address>0x9ce6</run_address>
         <size>0x46</size>
         <input_file_ref idref="fl-5a"/>
      </object_component>
      <object_component id="oc-3d5">
         <name>.debug_info</name>
         <load_address>0x9d2c</load_address>
         <run_address>0x9d2c</run_address>
         <size>0x114</size>
         <input_file_ref idref="fl-5b"/>
      </object_component>
      <object_component id="oc-3c9">
         <name>.debug_info</name>
         <load_address>0x9e40</load_address>
         <run_address>0x9e40</run_address>
         <size>0x117</size>
         <input_file_ref idref="fl-5c"/>
      </object_component>
      <object_component id="oc-3f9">
         <name>.debug_info</name>
         <load_address>0x9f57</load_address>
         <run_address>0x9f57</run_address>
         <size>0x100</size>
         <input_file_ref idref="fl-5d"/>
      </object_component>
      <object_component id="oc-208">
         <name>.debug_info</name>
         <load_address>0xa057</load_address>
         <run_address>0xa057</run_address>
         <size>0x102</size>
         <input_file_ref idref="fl-5e"/>
      </object_component>
      <object_component id="oc-215">
         <name>.debug_info</name>
         <load_address>0xa159</load_address>
         <run_address>0xa159</run_address>
         <size>0x10f</size>
         <input_file_ref idref="fl-60"/>
      </object_component>
      <object_component id="oc-38c">
         <name>.debug_info</name>
         <load_address>0xa268</load_address>
         <run_address>0xa268</run_address>
         <size>0xff</size>
         <input_file_ref idref="fl-65"/>
      </object_component>
      <object_component id="oc-381">
         <name>.debug_info</name>
         <load_address>0xa367</load_address>
         <run_address>0xa367</run_address>
         <size>0xff</size>
         <input_file_ref idref="fl-67"/>
      </object_component>
      <object_component id="oc-e0">
         <name>.debug_info</name>
         <load_address>0xa466</load_address>
         <run_address>0xa466</run_address>
         <size>0xd8</size>
         <input_file_ref idref="fl-68"/>
      </object_component>
      <object_component id="oc-19c">
         <name>.debug_info</name>
         <load_address>0xa53e</load_address>
         <run_address>0xa53e</run_address>
         <size>0x306</size>
         <input_file_ref idref="fl-6a"/>
      </object_component>
      <object_component id="oc-120">
         <name>.debug_info</name>
         <load_address>0xa844</load_address>
         <run_address>0xa844</run_address>
         <size>0x1da</size>
         <input_file_ref idref="fl-6a"/>
      </object_component>
      <object_component id="oc-22d">
         <name>.debug_info</name>
         <load_address>0xaa1e</load_address>
         <run_address>0xaa1e</run_address>
         <size>0x39</size>
         <input_file_ref idref="fl-6a"/>
      </object_component>
      <object_component id="oc-19d">
         <name>.debug_info</name>
         <load_address>0xaa57</load_address>
         <run_address>0xaa57</run_address>
         <size>0x2c</size>
         <input_file_ref idref="fl-6a"/>
      </object_component>
      <object_component id="oc-bd">
         <name>.debug_info</name>
         <load_address>0xaa83</load_address>
         <run_address>0xaa83</run_address>
         <size>0x179</size>
         <input_file_ref idref="fl-6b"/>
      </object_component>
      <object_component id="oc-117">
         <name>.debug_info</name>
         <load_address>0xabfc</load_address>
         <run_address>0xabfc</run_address>
         <size>0x12b</size>
         <input_file_ref idref="fl-6d"/>
      </object_component>
      <object_component id="oc-141">
         <name>.debug_info</name>
         <load_address>0xad27</load_address>
         <run_address>0xad27</run_address>
         <size>0xfa</size>
         <input_file_ref idref="fl-6e"/>
      </object_component>
      <object_component id="oc-152">
         <name>.debug_info</name>
         <load_address>0xae21</load_address>
         <run_address>0xae21</run_address>
         <size>0x15f</size>
         <input_file_ref idref="fl-71"/>
      </object_component>
      <object_component id="oc-e7">
         <name>.debug_info</name>
         <load_address>0xaf80</load_address>
         <run_address>0xaf80</run_address>
         <size>0x174</size>
         <input_file_ref idref="fl-71"/>
      </object_component>
      <object_component id="oc-206">
         <name>.debug_info</name>
         <load_address>0xb0f4</load_address>
         <run_address>0xb0f4</run_address>
         <size>0x229</size>
         <input_file_ref idref="fl-72"/>
      </object_component>
      <object_component id="oc-172">
         <name>.debug_info</name>
         <load_address>0xb31d</load_address>
         <run_address>0xb31d</run_address>
         <size>0x19a</size>
         <input_file_ref idref="fl-72"/>
      </object_component>
      <object_component id="oc-1f6">
         <name>.debug_info</name>
         <load_address>0xb4b7</load_address>
         <run_address>0xb4b7</run_address>
         <size>0x170</size>
         <input_file_ref idref="fl-72"/>
      </object_component>
      <object_component id="oc-1fa">
         <name>.debug_info</name>
         <load_address>0xb627</load_address>
         <run_address>0xb627</run_address>
         <size>0x145</size>
         <input_file_ref idref="fl-72"/>
      </object_component>
      <object_component id="oc-33f">
         <name>.debug_info</name>
         <load_address>0xb76c</load_address>
         <run_address>0xb76c</run_address>
         <size>0x2c</size>
         <input_file_ref idref="fl-72"/>
      </object_component>
      <object_component id="oc-332">
         <name>.debug_info</name>
         <load_address>0xb798</load_address>
         <run_address>0xb798</run_address>
         <size>0x385</size>
         <input_file_ref idref="fl-73"/>
      </object_component>
      <object_component id="oc-3e6">
         <name>.debug_info</name>
         <load_address>0xbb1d</load_address>
         <run_address>0xbb1d</run_address>
         <size>0x190</size>
         <input_file_ref idref="fl-73"/>
      </object_component>
      <object_component id="oc-405">
         <name>.debug_info</name>
         <load_address>0xbcad</load_address>
         <run_address>0xbcad</run_address>
         <size>0x16b</size>
         <input_file_ref idref="fl-73"/>
      </object_component>
      <object_component id="oc-3ec">
         <name>.debug_info</name>
         <load_address>0xbe18</load_address>
         <run_address>0xbe18</run_address>
         <size>0x1cf</size>
         <input_file_ref idref="fl-73"/>
      </object_component>
      <object_component id="oc-3b1">
         <name>.debug_info</name>
         <load_address>0xbfe7</load_address>
         <run_address>0xbfe7</run_address>
         <size>0x212</size>
         <input_file_ref idref="fl-73"/>
      </object_component>
      <object_component id="oc-329">
         <name>.debug_info</name>
         <load_address>0xc1f9</load_address>
         <run_address>0xc1f9</run_address>
         <size>0x267</size>
         <input_file_ref idref="fl-73"/>
      </object_component>
[...]
         <name>initClocks</name>
         <value>0x10bf4</value>
         <object_component_ref idref="oc-1bf"/>
      </symbol>
      <symbol id="sm-646">
         <name>str</name>
         <value>0x1c7c</value>
      </symbol>
      <symbol id="sm-647">
         <name>__TI_int37</name>
         <value>0xffda</value>
         <object_component_ref idref="oc-8b"/>
      </symbol>
      <symbol id="sm-648">
         <name>initGPIO</name>
         <value>0x108e8</value>
         <object_component_ref idref="oc-1b9"/>
      </symbol>
      <symbol id="sm-649">
         <name>out</name>
         <value>0x1c7a</value>
         <object_component_ref idref="oc-16a"/>
      </symbol>
      <symbol id="sm-64a">
         <name>pushbutton_ISR</name>
         <value>0x4400</value>
         <object_component_ref idref="oc-103"/>
      </symbol>
      <symbol id="sm-688">
         <name>myLCD_displayNumber</name>
         <value>0x101e2</value>
         <object_component_ref idref="oc-176"/>
      </symbol>
      <symbol id="sm-689">
         <name>initParams</name>
         <value>0x1c66</value>
         <object_component_ref idref="oc-2bd"/>
      </symbol>
      <symbol id="sm-68a">
         <name>myLCD_showChar</name>
         <value>0x10000</value>
         <object_component_ref idref="oc-20c"/>
      </symbol>
      <symbol id="sm-68b">
         <name>alphabetBig</name>
         <value>0x4556</value>
         <object_component_ref idref="oc-348"/>
      </symbol>
      <symbol id="sm-68c">
         <name>SegmentLoc</name>
         <value>0x45c8</value>
         <object_component_ref idref="oc-345"/>
      </symbol>
      <symbol id="sm-68d">
         <name>digit</name>
         <value>0x45f4</value>
         <object_component_ref idref="oc-351"/>
      </symbol>
      <symbol id="sm-68e">
         <name>myLCD_init</name>
         <value>0x10a28</value>
         <object_component_ref idref="oc-1c5"/>
      </symbol>
      <symbol id="sm-6c1">
         <name>echoWaiting</name>
         <value>0x1c06</value>
         <object_component_ref idref="oc-183"/>
      </symbol>
      <symbol id="sm-6c2">
         <name>txBufLen</name>
         <value>0x1c00</value>
         <object_component_ref idref="oc-183"/>
      </symbol>
      <symbol id="sm-6c3">
         <name>__TI_int42</name>
         <value>0xffe4</value>
         <object_component_ref idref="oc-90"/>
      </symbol>
      <symbol id="sm-6c4">
         <name>writeWaiting</name>
         <value>0x1c04</value>
         <object_component_ref idref="oc-183"/>
      </symbol>
      <symbol id="sm-6c5">
         <name>readInProgress</name>
         <value>0x1c0e</value>
         <object_component_ref idref="oc-183"/>
      </symbol>
      <symbol id="sm-6c6">
         <name>myUart_init</name>
         <value>0x10b62</value>
         <object_component_ref idref="oc-1cb"/>
      </symbol>
      <symbol id="sm-6c7">
         <name>myUart_writeBuf</name>
         <value>0x1081c</value>
         <object_component_ref idref="oc-17c"/>
      </symbol>
      <symbol id="sm-6c8">
         <name>myUart</name>
         <value>0x1c10</value>
         <object_component_ref idref="oc-183"/>
      </symbol>
      <symbol id="sm-6c9">
         <name>myUart_isr</name>
         <value>0x449e</value>
         <object_component_ref idref="oc-109"/>
      </symbol>
      <symbol id="sm-6ca">
         <name>echoBufLen</name>
         <value>0x1c08</value>
         <object_component_ref idref="oc-183"/>
      </symbol>
      <symbol id="sm-6cb">
         <name>inputReceived</name>
         <value>0x1c0c</value>
         <object_component_ref idref="oc-183"/>
      </symbol>
      <symbol id="sm-6cc">
         <name>rxBufLen</name>
         <value>0x1c0a</value>
         <object_component_ref idref="oc-183"/>
      </symbol>
      <symbol id="sm-6cd">
         <name>inProcess</name>
         <value>0x1c02</value>
         <object_component_ref idref="oc-183"/>
      </symbol>
      <symbol id="sm-6ce">
         <name>myUart_Param_9600_8N1_SMCLK8MHz</name>
         <value>0x1c2e</value>
         <object_component_ref idref="oc-183"/>
      </symbol>
      <symbol id="sm-6cf">
         <name>myUart_Param_9600_8N1_ACLK32Kz</name>
         <value>0x1c3e</value>
         <object_component_ref idref="oc-183"/>
      </symbol>
      <symbol id="sm-6f2">
         <name>__TI_int28</name>
         <value>0xffc8</value>
         <object_component_ref idref="oc-82"/>
      </symbol>
      <symbol id="sm-6f3">
         <name>__TI_int29</name>
         <value>0xffca</value>
         <object_component_ref idref="oc-83"/>
      </symbol>
      <symbol id="sm-6f4">
         <name>__TI_int27</name>
         <value>0xffc6</value>
         <object_component_ref idref="oc-81"/>
      </symbol>
      <symbol id="sm-6f5">
         <name>__TI_int38</name>
         <value>0xffdc</value>
         <object_component_ref idref="oc-8c"/>
      </symbol>
      <symbol id="sm-6f6">
         <name>__TI_int39</name>
         <value>0xffde</value>
         <object_component_ref idref="oc-8d"/>
      </symbol>
      <symbol id="sm-6f7">
         <name>__TI_int36</name>
         <value>0xffd8</value>
         <object_component_ref idref="oc-8a"/>
      </symbol>
      <symbol id="sm-6f8">
         <name>__TI_int34</name>
         <value>0xffd4</value>
         <object_component_ref idref="oc-88"/>
      </symbol>
      <symbol id="sm-6f9">
         <name>__TI_int35</name>
         <value>0xffd6</value>
         <object_component_ref idref="oc-89"/>
      </symbol>
      <symbol id="sm-6fa">
         <name>__TI_int32</name>
         <value>0xffd0</value>
         <object_component_ref idref="oc-86"/>
      </symbol>
      <symbol id="sm-6fb">
         <name>__TI_int33</name>
         <value>0xffd2</value>
         <object_component_ref idref="oc-87"/>
      </symbol>
      <symbol id="sm-6fc">
         <name>__TI_int30</name>
         <value>0xffcc</value>
         <object_component_ref idref="oc-84"/>
      </symbol>
      <symbol id="sm-6fd">
         <name>__TI_int31</name>
         <value>0xffce</value>
         <object_component_ref idref="oc-85"/>
      </symbol>
      <symbol id="sm-6fe">
         <name>__TI_int48</name>
         <value>0xfff0</value>
         <object_component_ref idref="oc-96"/>
      </symbol>
      <symbol id="sm-6ff">
         <name>__TI_int49</name>
         <value>0xfff2</value>
         <object_component_ref idref="oc-97"/>
      </symbol>
      <symbol id="sm-700">
         <name>__TI_int46</name>
         <value>0xffec</value>
         <object_component_ref idref="oc-94"/>
      </symbol>
      <symbol id="sm-701">
         <name>__TI_int47</name>
         <value>0xffee</value>
         <object_component_ref idref="oc-95"/>
      </symbol>
      <symbol id="sm-702">
         <name>__TI_int44</name>
         <value>0xffe8</value>
         <object_component_ref idref="oc-92"/>
      </symbol>
      <symbol id="sm-703">
         <name>__TI_int45</name>
         <value>0xffea</value>
         <object_component_ref idref="oc-93"/>
      </symbol>
      <symbol id="sm-704">
         <name>__TI_int43</name>
         <value>0xffe6</value>
         <object_component_ref idref="oc-91"/>
      </symbol>
      <symbol id="sm-705">
         <name>__TI_int40</name>
         <value>0xffe0</value>
         <object_component_ref idref="oc-8e"/>
      </symbol>
      <symbol id="sm-706">
         <name>__TI_int41</name>
         <value>0xffe2</value>
         <object_component_ref idref="oc-8f"/>
      </symbol>
      <symbol id="sm-707">
         <name>__TI_int54</name>
         <value>0xfffc</value>
         <object_component_ref idref="oc-9c"/>
      </symbol>
      <symbol id="sm-708">
         <name>__TI_int52</name>
         <value>0xfff8</value>
         <object_component_ref idref="oc-9a"/>
      </symbol>
      <symbol id="sm-709">
         <name>__TI_int53</name>
         <value>0xfffa</value>
         <object_component_ref idref="oc-9b"/>
      </symbol>
      <symbol id="sm-70a">
         <name>__TI_int50</name>
         <value>0xfff4</value>
         <object_component_ref idref="oc-98"/>
      </symbol>
      <symbol id="sm-70b">
         <name>__TI_int51</name>
         <value>0xfff6</value>
         <object_component_ref idref="oc-99"/>
      </symbol>
      <symbol id="sm-70c">
         <name>UNUSED_HWI_ISR</name>
         <value>0x4552</value>
         <object_component_ref idref="oc-fd"/>
      </symbol>
      <symbol id="sm-77e">
         <name>CS_turnOnLFXT</name>
         <value>0x11280</value>
         <object_component_ref idref="oc-29e"/>
      </symbol>
      <symbol id="sm-77f">
         <name>CS_setDCOFreq</name>
         <value>0x11636</value>
         <object_component_ref idref="oc-2a4"/>
      </symbol>
      <symbol id="sm-780">
         <name>CS_getACLK</name>
         <value>0x1146a</value>
         <object_component_ref idref="oc-289"/>
      </symbol>
      <symbol id="sm-781">
         <name>CS_getMCLK</name>
         <value>0x115b6</value>
         <object_component_ref idref="oc-298"/>
      </symbol>
      <symbol id="sm-782">
         <name>CS_setExternalClockSource</name>
         <value>0x11648</value>
         <object_component_ref idref="oc-283"/>
      </symbol>
      <symbol id="sm-783">
         <name>CS_getSMCLK</name>
         <value>0x11536</value>
         <object_component_ref idref="oc-292"/>
      </symbol>
      <symbol id="sm-784">
         <name>CS_initClockSignal</name>
         <value>0x10f34</value>
         <object_component_ref idref="oc-2aa"/>
      </symbol>
      <symbol id="sm-7bd">
         <name>EUSCI_A_UART_enableInterrupt</name>
         <value>0x113c6</value>
         <object_component_ref idref="oc-315"/>
      </symbol>
      <symbol id="sm-7be">
         <name>EUSCI_A_UART_init</name>
         <value>0x10ac8</value>
         <object_component_ref idref="oc-303"/>
      </symbol>
      <symbol id="sm-7bf">
         <name>EUSCI_A_UART_enable</name>
         <value>0x116c2</value>
         <object_component_ref idref="oc-309"/>
      </symbol>
      <symbol id="sm-7c0">
         <name>EUSCI_A_UART_receiveData</name>
         <value>0x1140a</value>
         <object_component_ref idref="oc-18f"/>
      </symbol>
      <symbol id="sm-7c1">
         <name>EUSCI_A_UART_clearInterrupt</name>
         <value>0x1166c</value>
         <object_component_ref idref="oc-30f"/>
      </symbol>
      <symbol id="sm-7c2">
         <name>EUSCI_A_UART_transmitData</name>
         <value>0x113e8</value>
         <object_component_ref idref="oc-189"/>
      </symbol>
      <symbol id="sm-820">
         <name>GPIO_clearInterrupt</name>
         <value>0x11488</value>
         <object_component_ref idref="oc-26a"/>
      </symbol>
      <symbol id="sm-821">
         <name>GPIO_selectInterruptEdge</name>
         <value>0x112ee</value>
         <object_component_ref idref="oc-264"/>
      </symbol>
      <symbol id="sm-822">
         <name>GPIO_setAsInputPinWithPullUpResistor</name>
         <value>0x110ea</value>
         <object_component_ref idref="oc-25e"/>
      </symbol>
      <symbol id="sm-823">
         <name>GPIO_enableInterrupt</name>
         <value>0x114a6</value>
         <object_component_ref idref="oc-270"/>
      </symbol>
      <symbol id="sm-824">
         <name>GPIO_setAsOutputPin</name>
         <value>0x112ba</value>
         <object_component_ref idref="oc-24c"/>
      </symbol>
      <symbol id="sm-825">
         <name>GPIO_setOutputLowOnPin</name>
         <value>0x114e2</value>
         <object_component_ref idref="oc-252"/>
      </symbol>
      <symbol id="sm-826">
         <name>GPIO_toggleOutputOnPin</name>
         <value>0x114fe</value>
         <object_component_ref idref="oc-163"/>
      </symbol>
      <symbol id="sm-827">
         <name>GPIO_setAsPeripheralModuleFunctionOutputPin</name>
         <value>0x10d7c</value>
         <object_component_ref idref="oc-276"/>
      </symbol>
      <symbol id="sm-828">
         <name>GPIO_setAsPeripheralModuleFunctionInputPin</name>
         <value>0x10d0a</value>
         <object_component_ref idref="oc-27c"/>
      </symbol>
      <symbol id="sm-8a2">
         <name>LCD_C_on</name>
         <value>0x116ce</value>
         <object_component_ref idref="oc-2fc"/>
      </symbol>
      <symbol id="sm-8a3">
         <name>LCD_C_selectDisplayMemory</name>
         <value>0x1159e</value>
         <object_component_ref idref="oc-2f0"/>
      </symbol>
      <symbol id="sm-8a4">
         <name>LCD_C_setVLCDSource</name>
         <value>0x1104c</value>
         <object_component_ref idref="oc-2c6"/>
      </symbol>
      <symbol id="sm-8a5">
         <name>LCD_C_off</name>
         <value>0x116c8</value>
         <object_component_ref idref="oc-2b1"/>
      </symbol>
      <symbol id="sm-8a6">
         <name>LCD_C_setVLCDVoltage</name>
         <value>0x1156a</value>
         <object_component_ref idref="oc-2cc"/>
      </symbol>
      <symbol id="sm-8a7">
         <name>LCD_C_enableChargePump</name>
         <value>0x1167a</value>
         <object_component_ref idref="oc-2d2"/>
      </symbol>
      <symbol id="sm-8a8">
         <name>LCD_C_setPinAsLCDFunctionEx</name>
         <value>0x10c80</value>
         <object_component_ref idref="oc-2b7"/>
      </symbol>
      <symbol id="sm-8a9">
         <name>LCD_C_clearBlinkingMemory</name>
         <value>0x11696</value>
         <object_component_ref idref="oc-2ea"/>
      </symbol>
      <symbol id="sm-8aa">
         <name>LCD_C_init</name>
         <value>0x1131c</value>
         <object_component_ref idref="oc-2c0"/>
      </symbol>
      <symbol id="sm-8ab">
         <name>LCD_C_clearMemory</name>
         <value>0x116a2</value>
         <object_component_ref idref="oc-2e4"/>
      </symbol>
      <symbol id="sm-8ac">
         <name>LCD_C_configChargePump</name>
         <value>0x1134a</value>
         <object_component_ref idref="oc-2de"/>
      </symbol>
      <symbol id="sm-8ad">
         <name>LCD_C_setBlinkingControl</name>
         <value>0x1151a</value>
         <object_component_ref idref="oc-2f6"/>
      </symbol>
      <symbol id="sm-8ae">
         <name>LCD_C_setMemory</name>
         <value>0x10dee</value>
         <object_component_ref idref="oc-34b"/>
      </symbol>
      <symbol id="sm-8af">
         <name>LCD_C_selectChargePumpReference</name>
         <value>0x11550</value>
         <object_component_ref idref="oc-2d8"/>
      </symbol>
      <symbol id="sm-8ba">
         <name>PMM_unlockLPM5</name>
         <value>0x116d4</value>
         <object_component_ref idref="oc-258"/>
      </symbol>
      <symbol id="sm-8cc">
         <name>WDT_A_hold</name>
         <value>0x1142a</value>
         <object_component_ref idref="oc-1b3"/>
      </symbol>
      <symbol id="sm-8e2">
         <name>__TI_decompress_none</name>
         <value>0x1165a</value>
         <object_component_ref idref="oc-75"/>
      </symbol>
      <symbol id="sm-904">
         <name>__TI_decompress_rle24</name>
         <value>0x116da</value>
         <object_component_ref idref="oc-7b"/>
      </symbol>
      <symbol id="sm-917">
         <name>__TI_zero_init</name>
         <value>0x113a2</value>
         <object_component_ref idref="oc-9d"/>
      </symbol>
      <symbol id="sm-923">
         <name>__mspabi_remi</name>
         <value>0x11376</value>
         <object_component_ref idref="oc-3d3"/>
      </symbol>
      <symbol id="sm-924">
         <name>__mspabi_divi</name>
         <value>0x11376</value>
         <object_component_ref idref="oc-3d3"/>
      </symbol>
      <symbol id="sm-931">
         <name>__mspabi_remli</name>
         <value>0x11202</value>
         <object_component_ref idref="oc-3c8"/>
      </symbol>
      <symbol id="sm-932">
         <name>__mspabi_divli</name>
         <value>0x11202</value>
         <object_component_ref idref="oc-3c8"/>
      </symbol>
      <symbol id="sm-93c">
         <name>__mspabi_remu</name>
         <value>0x115e2</value>
         <object_component_ref idref="oc-3f8"/>
      </symbol>
      <symbol id="sm-93d">
         <name>__mspabi_divu</name>
         <value>0x115e2</value>
         <object_component_ref idref="oc-3f8"/>
      </symbol>
      <symbol id="sm-94c">
         <name>__mspabi_remul</name>
         <value>0x10ff4</value>
         <object_component_ref idref="oc-207"/>
      </symbol>
      <symbol id="sm-94d">
         <name>__mspabi_divul</name>
         <value>0x10ff4</value>
         <object_component_ref idref="oc-207"/>
      </symbol>
      <symbol id="sm-95b">
         <name>__mspabi_mpyi_f5hw</name>
         <value>0x115f8</value>
         <object_component_ref idref="oc-214"/>
      </symbol>
      <symbol id="sm-993">
         <name>__mspabi_slli</name>
         <value>0x116ae</value>
         <object_component_ref idref="oc-38b"/>
      </symbol>
      <symbol id="sm-99d">
         <name>__mspabi_srli</name>
         <value>0x116b8</value>
         <object_component_ref idref="oc-380"/>
      </symbol>
      <symbol id="sm-9a6">
         <name>_stack</name>
         <value>0x2360</value>
         <object_component_ref idref="oc-df"/>
      </symbol>
      <symbol id="sm-9a7">
         <name>_reset_vector</name>
         <value>0xfffe</value>
         <object_component_ref idref="oc-e2"/>
      </symbol>
      <symbol id="sm-9c5">
         <name>_auto_init_hold_wdt</name>
         <value>0x10e60</value>
         <object_component_ref idref="oc-11c"/>
      </symbol>
      <symbol id="sm-9d0">
         <name>_c_int00_noargs_noexit</name>
         <value>0x4538</value>
         <object_component_ref idref="oc-bb"/>
      </symbol>
      <symbol id="sm-9da">
         <name>_system_pre_init</name>
         <value>0x116e0</value>
         <object_component_ref idref="oc-116"/>
      </symbol>
      <symbol id="sm-9e5">
         <name>C$$EXIT</name>
         <value>0x116e4</value>
         <object_component_ref idref="oc-13e"/>
      </symbol>
      <symbol id="sm-9e6">
         <name>abort</name>
         <value>0x116e4</value>
         <object_component_ref idref="oc-13e"/>
      </symbol>
      <symbol id="sm-9f6">
         <name>memcpy</name>
         <value>0x11622</value>
         <object_component_ref idref="oc-e3"/>
      </symbol>
      <symbol id="sm-a17">
         <name>sprintf</name>
         <value>0x1117c</value>
         <object_component_ref idref="oc-170"/>
      </symbol>
      <symbol id="sm-a7f">
         <name>__TI_printfi_minimal</name>
         <value>0x1074a</value>
         <object_component_ref idref="oc-1ff"/>
      </symbol>
      <symbol id="sm-a8e">
         <name>memccpy</name>
         <value>0x114c4</value>
         <object_component_ref idref="oc-3b3"/>
      </symbol>
      <symbol id="sm-a9c">
         <name>memset</name>
         <value>0x115cc</value>
         <object_component_ref idref="oc-3a6"/>
      </symbol>
      <symbol id="sm-aa9">
         <name>strlen</name>
         <value>0x11688</value>
         <object_component_ref idref="oc-219"/>
      </symbol>
      <symbol id="sm-aae">
         <name>__TI_INITARRAY_Base</name>
         <value>0x0</value>
      </symbol>
      <symbol id="sm-aaf">
         <name>__TI_INITARRAY_Limit</name>
         <value>0x0</value>
      </symbol>
   </symbol_table>
   <title>Link successful</title>
</link_info>
